// Jest Snapshot v1, https://goo.gl/fbAQLP

exports[`error handling cannot add twice the same template 1`] = `
"function anonymous(bdom, helpers
) {
  let { text, createBlock, list, multi, html, toggler, component, comment } = bdom;
  
  let block1 = createBlock(\`<div/>\`);
  
  return function template(ctx, node, key = \\"\\") {
    return block1();
  }
}"
`;
