// Jest Snapshot v1, https://goo.gl/fbAQLP

exports[`translation support can set translatable attributes 1`] = `
"function anonymous(bdom, helpers
) {
  let { text, createBlock, list, multi, html, toggler, component } = bdom;
  let { withDefault, getTemplate, prepareList, withKey, zero, call, callSlot, capture, isBoundary, shallowEqual, setContextValue, toNumber } = helpers;
  
  let block1 = createBlock(\`<div tomato=\\"word\\" potato=\\"mot\\" title=\\"word\\">text</div>\`);
  
  return function template(ctx, node, key = \\"\\") {
    return block1();
  }
}"
`;

exports[`translation support can translate node content 1`] = `
"function anonymous(bdom, helpers
) {
  let { text, createBlock, list, multi, html, toggler, component } = bdom;
  let { withDefault, getTemplate, prepareList, withKey, zero, call, callSlot, capture, isBoundary, shallowEqual, setContextValue, toNumber } = helpers;
  
  let block1 = createBlock(\`<div>mot</div>\`);
  
  return function template(ctx, node, key = \\"\\") {
    return block1();
  }
}"
`;

exports[`translation support does not translate node content if disabled 1`] = `
"function anonymous(bdom, helpers
) {
  let { text, createBlock, list, multi, html, toggler, component } = bdom;
  let { withDefault, getTemplate, prepareList, withKey, zero, call, callSlot, capture, isBoundary, shallowEqual, setContextValue, toNumber } = helpers;
  
  let block1 = createBlock(\`<div><span>mot</span><span>word</span></div>\`);
  
  return function template(ctx, node, key = \\"\\") {
    return block1();
  }
}"
`;

exports[`translation support some attributes are translated 1`] = `
"function anonymous(bdom, helpers
) {
  let { text, createBlock, list, multi, html, toggler, component } = bdom;
  let { withDefault, getTemplate, prepareList, withKey, zero, call, callSlot, capture, isBoundary, shallowEqual, setContextValue, toNumber } = helpers;
  
  let block1 = createBlock(\`<div><p label=\\"mot\\">mot</p><p title=\\"mot\\">mot</p><p placeholder=\\"mot\\">mot</p><p alt=\\"mot\\">mot</p><p something=\\"word\\">mot</p></div>\`);
  
  return function template(ctx, node, key = \\"\\") {
    return block1();
  }
}"
`;

exports[`translation support translation is done on the trimmed text, with extra spaces readded after 1`] = `
"function anonymous(bdom, helpers
) {
  let { text, createBlock, list, multi, html, toggler, component } = bdom;
  let { withDefault, getTemplate, prepareList, withKey, zero, call, callSlot, capture, isBoundary, shallowEqual, setContextValue, toNumber } = helpers;
  
  let block1 = createBlock(\`<div> mot </div>\`);
  
  return function template(ctx, node, key = \\"\\") {
    return block1();
  }
}"
`;
