// Jest Snapshot v1, https://goo.gl/fbAQLP

exports[`various scenarios scenarios with async store updates and some components events 1`] = `"<div><button>Do stuff</button><div><span>Attachment 100</span><span>Name: text.txt</span></div></div>"`;

exports[`various scenarios scenarios with async store updates and some components events 2`] = `"<div><button>Do stuff</button></div>"`;
