// Jest Snapshot v1, https://goo.gl/fbAQLP

exports[`app destroy remove the widget from the DOM 1`] = `
"function anonymous(bdom, helpers
) {
  let { text, createBlock, list, multi, html, toggler, component } = bdom;
  let { withDefault, getTemplate, prepareList, withKey, zero, call, callSlot, capture, isBoundary, shallowEqual, setContextValue, toNumber } = helpers;
  
  let block1 = createBlock(\`<div/>\`);
  
  return function template(ctx, node, key = \\"\\") {
    return block1();
  }
}"
`;
