// Jest Snapshot v1, https://goo.gl/fbAQLP

exports[`t-call-block simple t-call-block with static text 1`] = `
"function anonymous(bdom, helpers
) {
  let { text, createBlock, list, multi, html, toggler, component } = bdom;
  let { withDefault, getTemplate, prepareList, withKey, zero, call, callSlot, capture, isBoundary, shallowEqual, setContextValue, toNumber } = helpers;
  
  let block1 = createBlock(\`<div><block-child-0/></div>\`);
  
  return function template(ctx, node, key = \\"\\") {
    let b2 = ctx['myBlock']();
    return block1([], [b2]);
  }
}"
`;
